******************************************************************************
                  TI ARM Linker PC v18.12.2                    
******************************************************************************
>> Linked Wed Dec 11 10:11:06 2019

OUTPUT FILE NAME:   <Service-Roomba.out>
ENTRY POINT SYMBOL: "_c_int00_noargs"  address: 00006495


MEMORY CONFIGURATION

         name            origin    length      used     unused   attr    fill
----------------------  --------  ---------  --------  --------  ----  --------
  FLASH                 00000000   00040000  00006b13  000394ed  R  X
  SRAM                  20000000   00008000  00002531  00005acf  RW X


SEGMENT ALLOCATION MAP

run origin  load origin   length   init length attrs members
----------  ----------- ---------- ----------- ----- -------
00000000    00000000    00006b18   00006b18    r-x
  00000000    00000000    0000026c   0000026c    r-- .intvecs
  0000026c    0000026c    000064d0   000064d0    r-x .text
  00006740    00006740    00000387   00000387    r-- .const
  00006ac8    00006ac8    00000050   00000050    r-- .cinit
20000000    20000000    00002535   00000000    rw-
  20000000    20000000    0000026c   00000000    rw- .vtable
  20000270    20000270    00001000   00000000    rw- .stack
  20001270    20001270    00001000   00000000    rw- .sysmem
  20002270    20002270    00000278   00000000    rw- .bss
  200024e8    200024e8    0000004d   00000000    rw- .data


SECTION ALLOCATION MAP

 output                                  attributes/
section   page    origin      length       input sections
--------  ----  ----------  ----------   ----------------
.intvecs   0    00000000    0000026c     
                  00000000    0000026c     tm4c123gh6pm_startup_ccs.obj (.intvecs)

.text      0    0000026c    000064d0     
                  0000026c    00000c20     open_interface.obj (.text)
                  00000e8c    00000a4e     rtsv7M4_T_le_v4SPD16_eabi.lib : _printfi.c.obj (.text:__TI_printfi)
                  000018da    00000002                                   : _lock.c.obj (.text:_nop)
                  000018dc    000009c0                                   : e_pow.c.obj (.text:pow)
                  0000229c    00000738                                   : k_rem_pio2.c.obj (.text:__kernel_rem_pio2)
                  000029d4    00000710     object_scanner.obj (.text)
                  000030e4    00000508     rtsv7M4_T_le_v4SPD16_eabi.lib : s_tan.c.obj (.text:tan)
                  000035ec    000004b4     movement.obj (.text)
                  00003aa0    00000360     main.obj (.text)
                  00003e00    00000328     lcd.obj (.text)
                  00004128    00000318     rtsv7M4_T_le_v4SPD16_eabi.lib : k_tan.c.obj (.text:__kernel_tan)
                  00004440    00000270                                   : _printfi.c.obj (.text:_pconv_a)
                  000046b0    0000024c     ping.obj (.text)
                  000048fc    00000248     Timer.obj (.text)
                  00004b44    000001d0     rtsv7M4_T_le_v4SPD16_eabi.lib : _printfi.c.obj (.text:_pconv_g)
                  00004d14    000001b6                                   : fd_add_t2.asm.obj (.text)
                  00004eca    00000002                                   : div0.asm.obj (.text)
                  00004ecc    00000158                                   : e_sqrt.c.obj (.text:sqrt)
                  00005024    0000013c                                   : _printfi.c.obj (.text:_pconv_e)
                  00005160    00000138     uart.obj (.text)
                  00005298    00000136     rtsv7M4_T_le_v4SPD16_eabi.lib : fd_div_t2.asm.obj (.text)
                  000053ce    00000002     --HOLE-- [fill = 0]
                  000053d0    00000124                                   : _printfi.c.obj (.text:fcvt)
                  000054f4    00000120     servo.obj (.text)
                  00005614    00000110     rtsv7M4_T_le_v4SPD16_eabi.lib : s_scalbn.c.obj (.text:scalbn)
                  00005724    00000104     adc.obj (.text)
                  00005828    000000fc     rtsv7M4_T_le_v4SPD16_eabi.lib : fd_mul_t2.asm.obj (.text)
                  00005924    000000f8                                   : s_floor.c.obj (.text:floor)
                  00005a1c    000000f4                                   : memory.c.obj (.text:aligned_alloc)
                  00005b10    000000e8                                   : memory.c.obj (.text:free)
                  00005bf8    000000b1                                   : _printfi.c.obj (.text:_ltostr)
                  00005ca9    00000001     --HOLE-- [fill = 0]
                  00005caa    0000009c                                   : memcpy_t2.asm.obj (.text)
                  00005d46    00000096                                   : ull_div_t2.asm.obj (.text)
                  00005ddc    00000086                                   : fd_cmp_t2.asm.obj (.text:__aeabi_cdcmple)
                  00005e62    00000086                                   : fd_cmp_t2.asm.obj (.text:__aeabi_cdrcmple)
                  00005ee8    0000007c                                   : memory.c.obj (.text:split)
                  00005f64    0000007a                                   : memset_t2.asm.obj (.text)
                  00005fde    0000006e                                   : _printfi.c.obj (.text:_mcpy)
                  0000604c    0000006e                                   : fd_tos_t2.asm.obj (.text)
                  000060ba    00000068                                   : copy_decompress_lzss.c.obj (.text:decompress:lzss:__TI_decompress_lzss)
                  00006122    00000002     --HOLE-- [fill = 0]
                  00006124    00000064                                   : s_frexp.c.obj (.text:frexp)
                  00006188    00000056                                   : _printfi.c.obj (.text:_pconv_f)
                  000061de    00000054                                   : ltoa.c.obj (.text:ltoa)
                  00006232    00000052                                   : _printfi.c.obj (.text:_ecpy)
                  00006284    0000004c                                   : atoi.c.obj (.text:atoi)
                  000062d0    0000004c                                   : snprintf.c.obj (.text:snprintf)
                  0000631c    00000048                                   : fd_toi_t2.asm.obj (.text)
                  00006364    00000044                                   : autoinit.c.obj (.text:__TI_auto_init_nobinit_nopinit:__TI_auto_init_nobinit_nopinit)
                  000063a8    00000040                                   : vsnprintf.c.obj (.text:vsnprintf)
                  000063e8    0000003e                                   : _printfi.c.obj (.text:_fcpy)
                  00006426    00000038                                   : fs_tod_t2.asm.obj (.text)
                  0000645e    00000002     --HOLE-- [fill = 0]
                  00006460    00000034     driverlib.lib : interrupt.obj (.text:IntRegister)
                  00006494    00000034     rtsv7M4_T_le_v4SPD16_eabi.lib : boot_cortex_m.c.obj (.text:_c_int00_noargs:_c_int00_noargs)
                  000064c8    00000030                                   : snprintf.c.obj (.text:_outs)
                  000064f8    00000030                                   : vsnprintf.c.obj (.text:_outs)
                  00006528    00000030                                   : memory.c.obj (.text:calloc)
                  00006558    0000002e                                   : i_tofd_t2.asm.obj (.text)
                  00006586    00000002     --HOLE-- [fill = 0]
                  00006588    00000028                                   : memory.c.obj (.text:free_list_insert)
                  000065b0    00000020                                   : u_tofd_t2.asm.obj (.text)
                  000065d0    0000001c                                   : memory.c.obj (.text:free_list_remove)
                  000065ec    0000001c                                   : memccpy.c.obj (.text:memccpy)
                  00006608    0000001a                                   : s_copysign.c.obj (.text:copysign)
                  00006622    00000018                                   : snprintf.c.obj (.text:_outc)
                  0000663a    00000018                                   : vsnprintf.c.obj (.text:_outc)
                  00006652    00000018     open_interface.obj (.text:oi_parseInt)
                  0000666a    00000018     rtsv7M4_T_le_v4SPD16_eabi.lib : strcmp.c.obj (.text:strcmp)
                  00006682    00000016                                   : strchr.c.obj (.text:strchr)
                  00006698    00000014                                   : strcpy.c.obj (.text:strcpy)
                  000066ac    00000014                                   : strlen.c.obj (.text:strlen)
                  000066c0    00000012                                   : wcslen.c.obj (.text:wcslen)
                  000066d2    00000010     driverlib.lib : interrupt.obj (.text:IntMasterEnable)
                  000066e2    00000010     lcd.obj (.text:lcd_clear)
                  000066f2    0000000e     rtsv7M4_T_le_v4SPD16_eabi.lib : copy_decompress_none.c.obj (.text:decompress:none:__TI_decompress_none)
                  00006700    0000000c     driverlib.lib : cpu.obj (.text:CPUcpsie)
                  0000670c    0000000c     rtsv7M4_T_le_v4SPD16_eabi.lib : copy_zero_init.c.obj (.text:decompress:ZI:__TI_zero_init)
                  00006718    0000000c     tm4c123gh6pm_startup_ccs.obj (.text)
                  00006724    00000008     rtsv7M4_T_le_v4SPD16_eabi.lib : errno.c.obj (.text:__aeabi_errno_addr)
                  0000672c    00000008                                   : memory.c.obj (.text:malloc)
                  00006734    00000004                                   : pre_init.c.obj (.text:_system_pre_init)
                  00006738    00000004                                   : exit.c.obj (.text:abort:abort)

.const     0    00006740    00000387     
                  00006740    00000158     rtsv7M4_T_le_v4SPD16_eabi.lib : k_rem_pio2.c.obj (.const:$O1$$)
                  00006898    00000101                                   : ctype.c.obj (.const:.string:_ctypes_)
                  00006999    00000004     lcd.obj (.const:.string:lineAddress$1)
                  0000699d    00000003     --HOLE-- [fill = 0]
                  000069a0    00000080     rtsv7M4_T_le_v4SPD16_eabi.lib : k_tan.c.obj (.const:xxx)
                  00006a20    00000031     main.obj (.const:.string:$P$T0$1)
                  00006a51    00000031     main.obj (.const:.string:$P$T1$2)
                  00006a82    00000004     lcd.obj (.const:.string:lineAddresses$2)
                  00006a86    00000002     --HOLE-- [fill = 0]
                  00006a88    00000030     rtsv7M4_T_le_v4SPD16_eabi.lib : e_pow.c.obj (.const:$O1$$)
                  00006ab8    0000000f     open_interface.obj (.const:.string:$P$T0$3)

.cinit     0    00006ac8    00000050     
                  00006ac8    00000019     (.cinit..data.load) [load image, compression = lzss]
                  00006ae1    00000003     --HOLE-- [fill = 0]
                  00006ae4    0000000c     (__TI_handler_table)
                  00006af0    00000008     (.cinit..bss.load) [load image, compression = zero_init]
                  00006af8    00000008     (.cinit..vtable.load) [load image, compression = zero_init]
                  00006b00    00000018     (__TI_cinit_table)

.init_array 
*          0    00000000    00000000     UNINITIALIZED

.vtable    0    20000000    0000026c     UNINITIALIZED
                  20000000    0000026c     driverlib.lib : interrupt.obj (.vtable)

.stack     0    20000270    00001000     UNINITIALIZED
                  20000270    00000004     rtsv7M4_T_le_v4SPD16_eabi.lib : boot_cortex_m.c.obj (.stack)
                  20000274    00000ffc     --HOLE--

.sysmem    0    20001270    00001000     UNINITIALIZED
                  20001270    00000010     rtsv7M4_T_le_v4SPD16_eabi.lib : memory.c.obj (.sysmem)
                  20001280    00000ff0     --HOLE--

.bss       0    20002270    00000278     UNINITIALIZED
                  20002270    00000190     object_scanner.obj (.bss:objArray$1)
                  20002400    00000054     lcd.obj (.bss:lastbuffer$3)
                  20002454    00000004     (.common:_timeout_ticks)
                  20002458    00000028     object_scanner.obj (.bss:$P$T0$2)
                  20002480    00000028     object_scanner.obj (.bss:$P$T1$3)
                  200024a8    00000028     object_scanner.obj (.bss:$P$T2$4)
                  200024d0    00000018     open_interface.obj (.bss:firmware$2)

.data      0    200024e8    0000004d     UNINITIALIZED
                  200024e8    00000020     open_interface.obj (.data)
                  20002508    00000014     ping.obj (.data)
                  2000251c    00000008     rtsv7M4_T_le_v4SPD16_eabi.lib : _lock.c.obj (.data:$O1$$)
                  20002524    00000008                                   : memory.c.obj (.data:$O1$$)
                  2000252c    00000004     main.obj (.data)
                  20002530    00000004     rtsv7M4_T_le_v4SPD16_eabi.lib : errno.c.obj (.data)
                  20002534    00000001     Timer.obj (.data)

MODULE SUMMARY

       Module                         code    ro data   rw data
       ------                         ----    -------   -------
    .\
       open_interface.obj             3128    15        56     
       object_scanner.obj             1808    0         520    
       movement.obj                   1204    0         0      
       main.obj                       864     98        4      
       lcd.obj                        824     8         84     
       tm4c123gh6pm_startup_ccs.obj   12      620       0      
       ping.obj                       588     0         20     
       Timer.obj                      584     0         5      
       uart.obj                       312     0         0      
       servo.obj                      288     0         0      
       adc.obj                        260     0         0      
    +--+------------------------------+-------+---------+---------+
       Total:                         9872    741       689    
                                                               
    C:/ti/TivaWare_C_Series-2.1.4.178/driverlib/ccs/Debug/driverlib.lib
       interrupt.obj                  68      0         620    
       cpu.obj                        12      0         0      
    +--+------------------------------+-------+---------+---------+
       Total:                         80      0         620    
                                                               
    C:\ti\ccs910\ccs\tools\compiler\ti-cgt-arm_18.12.2.LTS\lib\rtsv7M4_T_le_v4SPD16_eabi.lib
       _printfi.c.obj                 4851    0         0      
       e_pow.c.obj                    2496    48        0      
       k_rem_pio2.c.obj               1848    344       0      
       s_tan.c.obj                    1288    0         0      
       k_tan.c.obj                    792     128       0      
       memory.c.obj                   724     0         8      
       fd_add_t2.asm.obj              438     0         0      
       e_sqrt.c.obj                   344     0         0      
       fd_div_t2.asm.obj              310     0         0      
       s_scalbn.c.obj                 272     0         0      
       fd_cmp_t2.asm.obj              268     0         0      
       ctype.c.obj                    0       257       0      
       fd_mul_t2.asm.obj              252     0         0      
       s_floor.c.obj                  248     0         0      
       memcpy_t2.asm.obj              156     0         0      
       ull_div_t2.asm.obj             150     0         0      
       snprintf.c.obj                 148     0         0      
       vsnprintf.c.obj                136     0         0      
       memset_t2.asm.obj              122     0         0      
       fd_tos_t2.asm.obj              110     0         0      
       copy_decompress_lzss.c.obj     104     0         0      
       s_frexp.c.obj                  100     0         0      
       ltoa.c.obj                     84      0         0      
       atoi.c.obj                     76      0         0      
       fd_toi_t2.asm.obj              72      0         0      
       autoinit.c.obj                 68      0         0      
       fs_tod_t2.asm.obj              56      0         0      
       boot_cortex_m.c.obj            52      0         0      
       i_tofd_t2.asm.obj              46      0         0      
       u_tofd_t2.asm.obj              32      0         0      
       memccpy.c.obj                  28      0         0      
       s_copysign.c.obj               26      0         0      
       strcmp.c.obj                   24      0         0      
       strchr.c.obj                   22      0         0      
       strcpy.c.obj                   20      0         0      
       strlen.c.obj                   20      0         0      
       wcslen.c.obj                   18      0         0      
       copy_decompress_none.c.obj     14      0         0      
       copy_zero_init.c.obj           12      0         0      
       errno.c.obj                    8       0         4      
       _lock.c.obj                    2       0         8      
       exit.c.obj                     4       0         0      
       pre_init.c.obj                 4       0         0      
       div0.asm.obj                   2       0         0      
    +--+------------------------------+-------+---------+---------+
       Total:                         15847   777       20     
                                                               
       Heap:                          0       0         4096   
       Stack:                         0       0         4096   
       Linker Generated:              0       77        0      
    +--+------------------------------+-------+---------+---------+
       Grand Total:                   25799   1595      9521   


LINKER GENERATED COPY TABLES

__TI_cinit_table @ 00006b00 records: 3, size/record: 8, table size: 24
	.data: load addr=00006ac8, load size=00000019 bytes, run addr=200024e8, run size=0000004d bytes, compression=lzss
	.bss: load addr=00006af0, load size=00000008 bytes, run addr=20002270, run size=00000278 bytes, compression=zero_init
	.vtable: load addr=00006af8, load size=00000008 bytes, run addr=20000000, run size=0000026c bytes, compression=zero_init


LINKER GENERATED HANDLER TABLE

__TI_handler_table @ 00006ae4 records: 3, size/record: 4, table size: 12
	index: 0, handler: __TI_zero_init
	index: 1, handler: __TI_decompress_lzss
	index: 2, handler: __TI_decompress_none


GLOBAL SYMBOLS: SORTED ALPHABETICALLY BY Name 

address   name                          
-------   ----                          
00006739  C$$EXIT                       
00006701  CPUcpsie                      
00000bc3  GPIOF_Handler                 
000066d3  IntMasterEnable               
00006461  IntRegister                   
20002510  OF                            
00006719  ResetISR                      
0000484f  TIMER3B_Handler               
20001270  __STACK_END                   
00001000  __STACK_SIZE                  
20000470  __STACK_TOP                   
00001000  __SYSMEM_SIZE                 
00006b00  __TI_CINIT_Base               
00006b18  __TI_CINIT_Limit              
00006ae4  __TI_Handler_Table_Base       
00006af0  __TI_Handler_Table_Limit      
00006365  __TI_auto_init_nobinit_nopinit
000060bb  __TI_decompress_lzss          
000066f3  __TI_decompress_none          
ffffffff  __TI_pprof_out_hndl           
00000e8d  __TI_printfi                  
ffffffff  __TI_prof_data_size           
ffffffff  __TI_prof_data_start          
00000000  __TI_static_base__            
0000670d  __TI_zero_init                
00005ddd  __aeabi_cdcmpeq               
00005ddd  __aeabi_cdcmple               
00005e63  __aeabi_cdrcmple              
0000604d  __aeabi_d2f                   
0000631d  __aeabi_d2iz                  
00004d1f  __aeabi_dadd                  
00005299  __aeabi_ddiv                  
00005829  __aeabi_dmul                  
00004d15  __aeabi_dsub                  
00006725  __aeabi_errno_addr            
00006427  __aeabi_f2d                   
00006559  __aeabi_i2d                   
00004ecb  __aeabi_idiv0                 
00004ecb  __aeabi_ldiv0                 
00005f65  __aeabi_memclr                
00005f65  __aeabi_memclr4               
00005f65  __aeabi_memclr8               
00005cab  __aeabi_memcpy                
00005cab  __aeabi_memcpy4               
00005cab  __aeabi_memcpy8               
00005f67  __aeabi_memset                
00005f67  __aeabi_memset4               
00005f67  __aeabi_memset8               
000065b1  __aeabi_ui2d                  
00005d47  __aeabi_uldivmod              
ffffffff  __binit__                     
ffffffff  __c_args__                    
0000229d  __kernel_rem_pio2             
00004129  __kernel_tan                  
UNDEFED   __mpu_init                    
20000270  __stack                       
00006495  _c_int00_noargs               
00006898  _ctypes_                      
2000251c  _lock                         
000018db  _nop                          
20002534  _running                      
20001270  _sys_memory                   
UNDEFED   _system_post_cinit            
00006735  _system_pre_init              
20002454  _timeout_ticks                
20002520  _unlock                       
00006739  abort                         
00005725  adc_init                      
000057b7  adc_read                      
00005a1d  aligned_alloc                 
00006285  atoi                          
ffffffff  binit                         
00006529  calloc                        
00006609  copysign                      
00006609  copysignl                     
00003689  detect_bumper                 
000036fd  detect_cliff                  
000035ed  detect_tape                   
20002530  errno                         
2000250c  fall_c                        
00005925  floor                         
00005925  floorl                        
00005b11  free                          
00006125  frexp                         
00006125  frexpl                        
20000000  g_pfnRAMVectors               
00000000  g_pfnVectors                  
0000097f  go_charge                     
000066e3  lcd_clear                     
00003fd5  lcd_gotoLine                  
00003e3d  lcd_init                      
0000403b  lcd_printf                    
00003efd  lcd_putc                      
00003f35  lcd_puts                      
00003e01  lcd_reverseNibble             
00003f53  lcd_sendCommand               
00003f91  lcd_sendNibble                
00003ffd  lcd_setCursorPos              
00005615  ldexp                         
00005615  ldexpl                        
000061df  ltoa                          
00003aa1  main                          
0000672d  malloc                        
00005a1d  memalign                      
000065ed  memccpy                       
00005cab  memcpy                        
00005f6d  memset                        
200024e8  motor_cal_factor_L            
200024ec  motor_cal_factor_R            
000039f1  move_backward                 
000037b1  move_forward                  
0000026d  oi_alloc                      
00000aa9  oi_checkFirmware              
000002c7  oi_close                      
00000279  oi_free                       
00000ded  oi_getMotorCalibrationLeft    
00000e01  oi_getMotorCalibrationRight   
000002b1  oi_init                       
00000289  oi_init_noupdate              
00000915  oi_loadSong                   
00006653  oi_parseInt                   
0000032b  oi_parsePacket                
0000096b  oi_play_song                  
0000084b  oi_setLeds                    
00000db1  oi_setMotorCalibration        
0000088f  oi_setWheels                  
00000b51  oi_shutoff_init               
0000098d  oi_uartInit                   
00000a31  oi_uartReceive                
00000a77  oi_uartSendBuff               
00000a15  oi_uartSendChar               
00000a59  oi_uartSendStr                
000002d9  oi_update                     
20002518  overflow                      
000046b1  ping_init                     
000046d1  ping_read                     
000018dd  pow                           
000018dd  powl                          
20002508  rise_c                        
00003ad7  run                           
00005615  scalbn                        
00005615  scalbnl                       
00003bcd  scanObjects                   
00004787  send_pulse                    
00005543  servo_init                    
000054f5  servo_move                    
000062d1  snprintf                      
00004ecd  sqrt                          
00004ecd  sqrtl                         
20002514  state                         
00006683  strchr                        
0000666b  strcmp                        
00006699  strcpy                        
000066ad  strlen                        
000029d5  sweep                         
000030e5  tan                           
000030e5  tanl                          
000047d7  timer3B_init                  
00004a1b  timer_getMicros               
000049c3  timer_getMillis               
000048fd  timer_init                    
0000499f  timer_pause                   
000049b1  timer_resume                  
00004975  timer_stop                    
00004a75  timer_waitMicros              
00004aa9  timer_waitMillis              
2000252c  totalObjects                  
00003861  turn_clockwise                
0000392b  turn_counter_clockwise        
00005161  uart_init                     
00005203  uart_receive                  
000051e7  uart_sendChar                 
00005235  uart_sendStr                  
000063a9  vsnprintf                     
000066c1  wcslen                        


GLOBAL SYMBOLS: SORTED BY Symbol Address 

address   name                          
-------   ----                          
00000000  __TI_static_base__            
00000000  g_pfnVectors                  
0000026d  oi_alloc                      
00000279  oi_free                       
00000289  oi_init_noupdate              
000002b1  oi_init                       
000002c7  oi_close                      
000002d9  oi_update                     
0000032b  oi_parsePacket                
0000084b  oi_setLeds                    
0000088f  oi_setWheels                  
00000915  oi_loadSong                   
0000096b  oi_play_song                  
0000097f  go_charge                     
0000098d  oi_uartInit                   
00000a15  oi_uartSendChar               
00000a31  oi_uartReceive                
00000a59  oi_uartSendStr                
00000a77  oi_uartSendBuff               
00000aa9  oi_checkFirmware              
00000b51  oi_shutoff_init               
00000bc3  GPIOF_Handler                 
00000db1  oi_setMotorCalibration        
00000ded  oi_getMotorCalibrationLeft    
00000e01  oi_getMotorCalibrationRight   
00000e8d  __TI_printfi                  
00001000  __STACK_SIZE                  
00001000  __SYSMEM_SIZE                 
000018db  _nop                          
000018dd  pow                           
000018dd  powl                          
0000229d  __kernel_rem_pio2             
000029d5  sweep                         
000030e5  tan                           
000030e5  tanl                          
000035ed  detect_tape                   
00003689  detect_bumper                 
000036fd  detect_cliff                  
000037b1  move_forward                  
00003861  turn_clockwise                
0000392b  turn_counter_clockwise        
000039f1  move_backward                 
00003aa1  main                          
00003ad7  run                           
00003bcd  scanObjects                   
00003e01  lcd_reverseNibble             
00003e3d  lcd_init                      
00003efd  lcd_putc                      
00003f35  lcd_puts                      
00003f53  lcd_sendCommand               
00003f91  lcd_sendNibble                
00003fd5  lcd_gotoLine                  
00003ffd  lcd_setCursorPos              
0000403b  lcd_printf                    
00004129  __kernel_tan                  
000046b1  ping_init                     
000046d1  ping_read                     
00004787  send_pulse                    
000047d7  timer3B_init                  
0000484f  TIMER3B_Handler               
000048fd  timer_init                    
00004975  timer_stop                    
0000499f  timer_pause                   
000049b1  timer_resume                  
000049c3  timer_getMillis               
00004a1b  timer_getMicros               
00004a75  timer_waitMicros              
00004aa9  timer_waitMillis              
00004d15  __aeabi_dsub                  
00004d1f  __aeabi_dadd                  
00004ecb  __aeabi_idiv0                 
00004ecb  __aeabi_ldiv0                 
00004ecd  sqrt                          
00004ecd  sqrtl                         
00005161  uart_init                     
000051e7  uart_sendChar                 
00005203  uart_receive                  
00005235  uart_sendStr                  
00005299  __aeabi_ddiv                  
000054f5  servo_move                    
00005543  servo_init                    
00005615  ldexp                         
00005615  ldexpl                        
00005615  scalbn                        
00005615  scalbnl                       
00005725  adc_init                      
000057b7  adc_read                      
00005829  __aeabi_dmul                  
00005925  floor                         
00005925  floorl                        
00005a1d  aligned_alloc                 
00005a1d  memalign                      
00005b11  free                          
00005cab  __aeabi_memcpy                
00005cab  __aeabi_memcpy4               
00005cab  __aeabi_memcpy8               
00005cab  memcpy                        
00005d47  __aeabi_uldivmod              
00005ddd  __aeabi_cdcmpeq               
00005ddd  __aeabi_cdcmple               
00005e63  __aeabi_cdrcmple              
00005f65  __aeabi_memclr                
00005f65  __aeabi_memclr4               
00005f65  __aeabi_memclr8               
00005f67  __aeabi_memset                
00005f67  __aeabi_memset4               
00005f67  __aeabi_memset8               
00005f6d  memset                        
0000604d  __aeabi_d2f                   
000060bb  __TI_decompress_lzss          
00006125  frexp                         
00006125  frexpl                        
000061df  ltoa                          
00006285  atoi                          
000062d1  snprintf                      
0000631d  __aeabi_d2iz                  
00006365  __TI_auto_init_nobinit_nopinit
000063a9  vsnprintf                     
00006427  __aeabi_f2d                   
00006461  IntRegister                   
00006495  _c_int00_noargs               
00006529  calloc                        
00006559  __aeabi_i2d                   
000065b1  __aeabi_ui2d                  
000065ed  memccpy                       
00006609  copysign                      
00006609  copysignl                     
00006653  oi_parseInt                   
0000666b  strcmp                        
00006683  strchr                        
00006699  strcpy                        
000066ad  strlen                        
000066c1  wcslen                        
000066d3  IntMasterEnable               
000066e3  lcd_clear                     
000066f3  __TI_decompress_none          
00006701  CPUcpsie                      
0000670d  __TI_zero_init                
00006719  ResetISR                      
00006725  __aeabi_errno_addr            
0000672d  malloc                        
00006735  _system_pre_init              
00006739  C$$EXIT                       
00006739  abort                         
00006898  _ctypes_                      
00006ae4  __TI_Handler_Table_Base       
00006af0  __TI_Handler_Table_Limit      
00006b00  __TI_CINIT_Base               
00006b18  __TI_CINIT_Limit              
20000000  g_pfnRAMVectors               
20000270  __stack                       
20000470  __STACK_TOP                   
20001270  __STACK_END                   
20001270  _sys_memory                   
20002454  _timeout_ticks                
200024e8  motor_cal_factor_L            
200024ec  motor_cal_factor_R            
20002508  rise_c                        
2000250c  fall_c                        
20002510  OF                            
20002514  state                         
20002518  overflow                      
2000251c  _lock                         
20002520  _unlock                       
2000252c  totalObjects                  
20002530  errno                         
20002534  _running                      
ffffffff  __TI_pprof_out_hndl           
ffffffff  __TI_prof_data_size           
ffffffff  __TI_prof_data_start          
ffffffff  __binit__                     
ffffffff  __c_args__                    
ffffffff  binit                         
UNDEFED   __mpu_init                    
UNDEFED   _system_post_cinit            

[175 symbols]
